C:\Users\sahit\OneDrive\Documents\sravya.dwg,Model,27-02-2025 19:42:28,sahit,Microsoft Print to PDF,A4,1:1.41429,
C:\Users\sahit\OneDrive\Documents\sravya.dwg,Model,01-03-2025 20:48:11,sahit,Microsoft Print to PDF,A4,1:1.41429,
C:\Users\sahit\OneDrive\Documents\sravya.dwg,Model,01-03-2025 20:49:15,sahit,Microsoft Print to PDF,A4,1:1.41429,
C:\Users\sahit\OneDrive\Documents\sravya.dwg,Model,01-03-2025 20:49:56,sahit,Microsoft Print to PDF,A4,1:2.18026,
C:\Users\sahit\OneDrive\Documents\sravya.dwg,Model,01-03-2025 20:50:32,sahit,Microsoft Print to PDF,A4,1:2.24524,
C:\Users\sahit\OneDrive\Documents\sravya.dwg,Model,01-03-2025 20:51:36,sahit,Microsoft Print to PDF,A4,1:1.94831,
C:\Users\sahit\OneDrive\Documents\sravya.dwg,Model,01-03-2025 20:52:15,sahit,Microsoft Print to PDF,A4,1:1.41429,
C:\Users\sahit\OneDrive\Documents\sravya.dwg,Model,02-03-2025 09:45:08,sahit,Microsoft Print to PDF,A4,1:1.94831,
C:\Users\sahit\OneDrive\Documents\sravya.dwg,Model,02-03-2025 09:46:52,sahit,Microsoft Print to PDF,A4,1:1.41429,
C:\Users\sahit\OneDrive\Documents\sravya.dwg,Model,02-03-2025 09:48:30,sahit,Microsoft Print to PDF,A4,1:1.41429,
C:\Users\sahit\OneDrive\Documents\sravya.dwg,Model,02-03-2025 09:49:43,sahit,Microsoft Print to PDF,A4,1:2.24524,
C:\Users\sahit\OneDrive\Documents\sravya.dwg,Model,02-03-2025 09:50:43,sahit,Microsoft Print to PDF,A4,1:1.41429,
C:\Users\sahit\OneDrive\Documents\sravya.dwg,Model,02-03-2025 09:51:22,sahit,Microsoft Print to PDF,A4,1:2.18026,
C:\Users\sahit\OneDrive\Documents\sravya.dwg,Model,02-03-2025 14:31:23,sahit,Microsoft Print to PDF,A4,1:1.41429,
C:\Users\sahit\OneDrive\Documents\sravya.dwg,Model,02-03-2025 14:32:07,sahit,Microsoft Print to PDF,A4,1:1.41429,
C:\Users\sahit\OneDrive\Documents\sravya.dwg,Model,02-03-2025 14:34:07,sahit,Microsoft Print to PDF,A4,1:2.18026,
C:\Users\sahit\OneDrive\Documents\sravya.dwg,Model,02-03-2025 14:34:41,sahit,Microsoft Print to PDF,A4,1:2.24524,
C:\Users\sahit\OneDrive\Documents\sravya.dwg,Model,02-03-2025 14:35:15,sahit,Microsoft Print to PDF,A4,1:1.94831,
C:\Users\sahit\OneDrive\Documents\sravya.dwg,Model,02-03-2025 14:35:55,sahit,Microsoft Print to PDF,A4,1:1.41429,
C:\Users\sahit\OneDrive\Documents\sravya.dwg,Model,02-03-2025 14:48:24,sahit,Microsoft Print to PDF,A4,1:1.41429,
C:\Users\sahit\OneDrive\Documents\sravya.dwg,Model,02-03-2025 14:50:15,sahit,Microsoft Print to PDF,A4,1:1.41429,
C:\Users\sahit\OneDrive\Documents\sravya.dwg,Model,02-03-2025 15:03:20,sahit,Microsoft Print to PDF,A4,1:1.41429,
C:\Users\sahit\OneDrive\Documents\sravya.dwg,Model,02-03-2025 15:03:48,sahit,Microsoft Print to PDF,A4,1:1.41429,
C:\Users\sahit\OneDrive\Documents\sravya.dwg,Model,02-03-2025 15:04:16,sahit,Microsoft Print to PDF,A4,1:2.18026,
C:\Users\sahit\OneDrive\Documents\sravya.dwg,Model,02-03-2025 15:05:14,sahit,Microsoft Print to PDF,A4,1:2.24524,
C:\Users\sahit\OneDrive\Documents\sravya.dwg,Model,02-03-2025 15:05:48,sahit,Microsoft Print to PDF,A4,1:1.41429,
C:\Users\sahit\OneDrive\Documents\sravya.dwg,Model,02-03-2025 15:06:21,sahit,Microsoft Print to PDF,A4,1:1.94831,
C:\Users\sahit\OneDrive\Documents\sravya.dwg,Model,02-03-2025 15:06:51,sahit,Microsoft Print to PDF,A4,1:1.41429,
C:\Users\sahit\OneDrive\Documents\sravya.dwg,Model,02-03-2025 15:31:26,sahit,Microsoft Print to PDF,A4,1:1.41429,
C:\Users\sahit\OneDrive\Documents\sravya.dwg,Model,02-03-2025 15:33:01,sahit,Microsoft Print to PDF,A4,1:1.41429,
C:\Users\sahit\OneDrive\Documents\26-02-25.dwg,Model,02-03-2025 16:51:12,sahit,Microsoft Print to PDF,Letter,1:38.1818,
C:\Users\sahit\OneDrive\Documents\26-02-25.dwg,Model,02-03-2025 16:53:16,sahit,Microsoft Print to PDF,A4,1:1.41429,
C:\Users\sahit\OneDrive\Documents\26-02-25.dwg,Model,02-03-2025 16:55:36,sahit,Microsoft Print to PDF,A4,1:1.41429,
C:\Users\sahit\OneDrive\Documents\26-02-25.dwg,Model,02-03-2025 16:57:05,sahit,Microsoft Print to PDF,A4,1:1.41414,
C:\Users\sahit\OneDrive\Documents\d1.dwg,Model,02-03-2025 17:00:54,sahit,Microsoft Print to PDF,A4,1:1.41429,
C:\Users\sahit\OneDrive\Documents\d1.dwg,Model,02-03-2025 17:03:02,sahit,Microsoft Print to PDF,A4,1:1.41429,
C:\Users\sahit\OneDrive\Documents\d1.dwg,Model,02-03-2025 17:03:54,sahit,Microsoft Print to PDF,A4,1:1.41429,
C:\Users\sahit\OneDrive\Documents\d1.dwg,Model,02-03-2025 17:04:27,sahit,Microsoft Print to PDF,A4,1:1.41429,
C:\Users\sahit\OneDrive\Documents\d1.dwg,Model,02-03-2025 17:05:01,sahit,Microsoft Print to PDF,A4,1:1.41429,
C:\Users\sahit\OneDrive\Documents\1st.dwg,Model,02-03-2025 17:10:35,sahit,Microsoft Print to PDF,A4,1:1.41429,
C:\Users\sahit\OneDrive\Documents\1st.dwg,Model,02-03-2025 17:15:22,sahit,Microsoft Print to PDF,A4,1:1.54587,
C:\Users\sahit\OneDrive\Documents\1st.dwg,Model,02-03-2025 17:18:10,sahit,Microsoft Print to PDF,A4,1:1.41429,
C:\Users\sahit\OneDrive\Documents\1st.dwg,Model,02-03-2025 17:20:23,sahit,Microsoft Print to PDF,A4,1:1.44681,
C:\Users\sahit\OneDrive\Documents\1st.dwg,Model,02-03-2025 17:23:01,sahit,Microsoft Print to PDF,A4,1:1.56723,
C:\Users\sahit\OneDrive\Documents\1st.dwg,Model,02-03-2025 17:26:31,sahit,Microsoft Print to PDF,A4,1:1.38924,
C:\Users\sahit\OneDrive\Documents\1st.dwg,Model,02-03-2025 17:28:34,sahit,Microsoft Print to PDF,A4,1:1.38924,
C:\Users\sahit\OneDrive\Documents\1st.dwg,Model,02-03-2025 17:36:18,sahit,Microsoft Print to PDF,A4,1:1.38924,
C:\Users\sahit\OneDrive\Documents\1st.dwg,Model,02-03-2025 17:36:52,sahit,Microsoft Print to PDF,A4,1:1.38924,
C:\Users\sahit\OneDrive\Documents\1st.dwg,Model,02-03-2025 17:39:20,sahit,Microsoft Print to PDF,A4,1:1.44681,
C:\Users\sahit\OneDrive\Documents\sravya.dwg,Model,02-03-2025 17:42:10,sahit,Microsoft Print to PDF,A4,1:1.41155,
C:\Users\sahit\OneDrive\Documents\sravya.dwg,Model,02-03-2025 17:44:23,sahit,Microsoft Print to PDF,A4,1:2.17465,
C:\Users\sahit\OneDrive\Documents\sravya.dwg,Model,02-03-2025 18:47:26,sahit,Microsoft Print to PDF,A4,1:1.41287,
C:\Users\sahit\OneDrive\Documents\sravya.dwg,Model,02-03-2025 19:29:45,sahit,Microsoft Print to PDF,A4,1:1.41429,
C:\Users\sahit\OneDrive\Documents\sravya.dwg,Model,02-03-2025 19:37:44,sahit,Microsoft Print to PDF,A4,1:1.41625,
C:\Users\sahit\OneDrive\Documents\sravya.dwg,Model,02-03-2025 19:39:39,sahit,Microsoft Print to PDF,A4,1:1.42187,
C:\Users\sahit\OneDrive\Documents\sravya.dwg,Model,02-03-2025 19:42:55,sahit,Microsoft Print to PDF,A4,1:1.94407,
C:\Users\sahit\AppData\Local\Temp\8f61ddad-a569-425a-afd9-503bce97ce85_TransferNow-20250228DNfuf4bT (1).zip.e85\cycloids.dwg,Model,05-03-2025 07:45:13,sahit,Microsoft Print to PDF,A4,1:1.4122,
C:\Users\sahit\AppData\Local\Temp\8f61ddad-a569-425a-afd9-503bce97ce85_TransferNow-20250228DNfuf4bT (1).zip.e85\cycloids.dwg,Model,05-03-2025 07:47:28,sahit,Microsoft Print to PDF,A4,1:1.41143,
C:\Users\sahit\AppData\Local\Temp\8f61ddad-a569-425a-afd9-503bce97ce85_TransferNow-20250228DNfuf4bT (1).zip.e85\cycloids.dwg,Model,05-03-2025 07:48:17,sahit,DWFx ePlot (XPS Compatible).pc3,ISO A4 (210.00 x 297.00 MM),1:4.29251,
C:\Users\sahit\OneDrive\Documents\assignment2.dwg,Model,07-03-2025 05:43:26,sahit,Microsoft Print to PDF,A4,1:2.61515,
C:\Users\sahit\OneDrive\Documents\assignment2.dwg,Model,07-03-2025 05:45:29,sahit,Microsoft Print to PDF,A4,1:1.41429,
C:\Users\sahit\OneDrive\Documents\assignment2.dwg,Model,07-03-2025 05:46:12,sahit,Microsoft Print to PDF,A4,1:1.41429,
C:\Users\sahit\OneDrive\Documents\assignment2.dwg,Model,07-03-2025 05:49:02,sahit,Microsoft Print to PDF,A4,1:2.61515,
C:\Users\sahit\OneDrive\Documents\assignment2.dwg,Model,07-03-2025 05:49:40,sahit,Microsoft Print to PDF,A4,1:1.41337,
C:\Users\sahit\OneDrive\Documents\assignment2.dwg,Model,07-03-2025 05:50:08,sahit,Microsoft Print to PDF,A4,1:1.41621,
C:\Users\sahit\OneDrive\Documents\sravya.dwg,Model,07-03-2025 07:36:53,sahit,Microsoft Print to PDF,A4,1:1.41429,
C:\Users\sahit\OneDrive\Documents\sravya.dwg,Model,07-03-2025 07:37:21,sahit,Microsoft Print to PDF,A4,1:1.41429,
C:\Users\sahit\OneDrive\Documents\sravya.dwg,Model,07-03-2025 07:37:43,sahit,Microsoft Print to PDF,A4,1:2.18026,
C:\Users\sahit\OneDrive\Documents\sravya.dwg,Model,07-03-2025 07:38:05,sahit,Microsoft Print to PDF,A4,1:2.24524,
C:\Users\sahit\OneDrive\Documents\sravya.dwg,Model,07-03-2025 07:38:31,sahit,Microsoft Print to PDF,A4,1:1.94831,
C:\Users\sahit\OneDrive\Documents\sravya.dwg,Model,07-03-2025 07:38:54,sahit,Microsoft Print to PDF,A4,1:1.41429,
C:\Users\sahit\OneDrive\Documents\sravya.dwg,Model,07-03-2025 07:39:15,sahit,Microsoft Print to PDF,A4,1:1.41429,
C:\Users\sahit\OneDrive\Documents\assignment2.dwg,Model,09-03-2025 08:26:58,sahit,Microsoft Print to PDF,A4,1:2.61515,
C:\Users\sahit\OneDrive\Documents\assignment2.dwg,Model,09-03-2025 08:27:30,sahit,Microsoft Print to PDF,A4,1:1.41429,
C:\Users\sahit\OneDrive\Documents\assignment2.dwg,Model,09-03-2025 08:27:54,sahit,Microsoft Print to PDF,A4,1:1.41429,
C:\Users\sahit\OneDrive\Documents\assignment3.dwg,Model,15-03-2025 06:24:25,sahit,Microsoft Print to PDF,A4,1:1.41429,
C:\Users\sahit\OneDrive\Documents\assignment3.dwg,Model,15-03-2025 06:25:16,sahit,Microsoft Print to PDF,A4,1:1.41429,
C:\Users\sahit\OneDrive\Documents\sahithi.dwg,Model,15-03-2025 06:27:53,sahit,Microsoft Print to PDF,A4,1:1.41429,
C:\Users\sahit\OneDrive\Documents\sahithi.dwg,Model,15-03-2025 06:31:04,sahit,Microsoft Print to PDF,A4,1:1.41429,
C:\Users\sahit\OneDrive\Documents\sahithi.dwg,Model,15-03-2025 06:31:31,sahit,Microsoft Print to PDF,A4,1:1.41429,
C:\Users\sahit\OneDrive\Documents\sahithi.dwg,Model,15-03-2025 18:42:26,sahit,Microsoft Print to PDF,A4,1:1.41429,
C:\Users\sahit\OneDrive\Documents\sahithi.dwg,Model,15-03-2025 18:43:06,sahit,Microsoft Print to PDF,A4,1:1.41429,
C:\Users\sahit\OneDrive\Documents\sahithi.dwg,Model,15-03-2025 18:43:40,sahit,Microsoft Print to PDF,A4,1:1.41429,
C:\Users\sahit\OneDrive\Documents\sahithi.dwg,Model,15-03-2025 18:44:18,sahit,Microsoft Print to PDF,A4,1:1.41429,
C:\Users\sahit\OneDrive\Documents\sahithi.dwg,Model,15-03-2025 18:44:59,sahit,Microsoft Print to PDF,A4,1:1.41429,
C:\Users\sahit\OneDrive\Documents\sahithi.dwg,Model,15-03-2025 18:45:40,sahit,Microsoft Print to PDF,A4,1:1.60828,
C:\Users\sahit\OneDrive\Documents\sahithi.dwg,Model,16-03-2025 08:11:11,sahit,Microsoft Print to PDF,A4,1:1.41429,
C:\Users\sahit\OneDrive\Documents\sahithi.dwg,Model,16-03-2025 08:11:42,sahit,Microsoft Print to PDF,A4,1:1.41429,
C:\Users\sahit\OneDrive\Documents\sahithi.dwg,Model,16-03-2025 08:12:10,sahit,Microsoft Print to PDF,A4,1:1.41429,
C:\Users\sahit\OneDrive\Documents\sahithi.dwg,Model,16-03-2025 08:13:45,sahit,Microsoft Print to PDF,A4,1:1.41429,
C:\Users\sahit\OneDrive\Documents\sahithi.dwg,Model,16-03-2025 08:14:18,sahit,Microsoft Print to PDF,A4,1:1.41414,
C:\Users\sahit\OneDrive\Documents\sahithi.dwg,Model,16-03-2025 08:14:50,sahit,Microsoft Print to PDF,A4,1:1.41429,
C:\Users\sahit\OneDrive\Documents\assignment3.dwg,Model,16-03-2025 14:04:59,sahit,Microsoft Print to PDF,A4,1:1.41429,
C:\Users\sahit\OneDrive\Documents\assignment3.dwg,Model,16-03-2025 14:05:42,sahit,Microsoft Print to PDF,A4,1:1.41429,
C:\Users\sahit\OneDrive\Documents\assignment3.dwg,Model,16-03-2025 14:12:21,sahit,Microsoft Print to PDF,A4,1:1.41429,
C:\Users\sahit\OneDrive\Documents\assignment3.dwg,Model,16-03-2025 14:12:55,sahit,Microsoft Print to PDF,A4,1:1.41429,
C:\Users\sahit\OneDrive\Documents\assignment3.dwg,Model,16-03-2025 14:13:32,sahit,Microsoft Print to PDF,A4,1:1.41429,
C:\Users\sahit\OneDrive\Documents\assignment3.dwg,Model,16-03-2025 14:14:09,sahit,Microsoft Print to PDF,A4,1:1.41429,
C:\Users\sahit\OneDrive\Documents\assignment3.dwg,Model,16-03-2025 14:15:04,sahit,Microsoft Print to PDF,Letter,1:38.1818,
C:\Users\sahit\OneDrive\Documents\assignment3.dwg,Model,16-03-2025 14:15:38,sahit,Microsoft Print to PDF,A4,1:1.41429,
C:\Users\sahit\OneDrive\Documents\assignment3.dwg,Model,16-03-2025 14:16:36,sahit,Microsoft Print to PDF,A4,1:1.41429,
C:\Users\sahit\OneDrive\Documents\sahithi.dwg,Model,16-03-2025 14:21:49,sahit,Microsoft Print to PDF,A4,1:1.41429,
C:\Users\sahit\OneDrive\Documents\sahithi.dwg,Model,16-03-2025 14:22:35,sahit,Microsoft Print to PDF,A4,1:1.41429,
C:\Users\sahit\OneDrive\Documents\sahithi.dwg,Model,16-03-2025 14:23:06,sahit,Microsoft Print to PDF,A4,1:1.4146,
C:\Users\sahit\OneDrive\Documents\sahithi.dwg,Model,16-03-2025 14:23:37,sahit,Microsoft Print to PDF,A4,1:1.41429,
C:\Users\sahit\OneDrive\Documents\sahithi.dwg,Model,16-03-2025 14:24:09,sahit,Microsoft Print to PDF,A4,1:1.41429,
C:\Users\sahit\OneDrive\Documents\sahithi.dwg,Model,16-03-2025 14:24:40,sahit,Microsoft Print to PDF,A4,1:1.41429,
C:\Users\sahit\OneDrive\Documents\sahithi.dwg,Model,16-03-2025 16:48:49,sahit,Microsoft Print to PDF,A4,1:1.41429,
C:\Users\sahit\OneDrive\Documents\sahithi.dwg,Model,16-03-2025 16:49:21,sahit,Microsoft Print to PDF,A4,1:1.41429,
C:\Users\sahit\OneDrive\Documents\sahithi.dwg,Model,16-03-2025 16:49:51,sahit,Microsoft Print to PDF,A4,1:1.41429,
C:\Users\sahit\OneDrive\Documents\sahithi.dwg,Model,16-03-2025 16:50:20,sahit,Microsoft Print to PDF,A4,1:1.41429,
C:\Users\sahit\OneDrive\Documents\sahithi.dwg,Model,16-03-2025 16:50:51,sahit,Microsoft Print to PDF,A4,1:1.41414,
C:\Users\sahit\OneDrive\Documents\sahithi.dwg,Model,16-03-2025 16:51:19,sahit,Microsoft Print to PDF,A4,1:1.41429,
C:\Users\sahit\OneDrive\Documents\assignment3.dwg,Model,16-03-2025 16:54:24,sahit,Microsoft Print to PDF,A4,1:1.41429,
C:\Users\sahit\OneDrive\Documents\assignment3.dwg,Model,16-03-2025 16:54:51,sahit,Microsoft Print to PDF,A4,1:1.41429,
C:\Users\sahit\OneDrive\Documents\assignment3.dwg,Model,16-03-2025 16:55:24,sahit,Microsoft Print to PDF,A4,1:1.41429,
C:\Users\sahit\OneDrive\Documents\assignment3.dwg,Model,16-03-2025 16:55:52,sahit,Microsoft Print to PDF,A4,1:1.41429,
C:\Users\sahit\OneDrive\Documents\assignment3.dwg,Model,16-03-2025 16:56:18,sahit,Microsoft Print to PDF,A4,1:1.41429,
C:\Users\sahit\OneDrive\Documents\assignment3.dwg,Model,16-03-2025 16:56:46,sahit,Microsoft Print to PDF,A4,1:1.41429,
C:\Users\sahit\OneDrive\Documents\assignment3.dwg,Model,16-03-2025 16:57:10,sahit,Microsoft Print to PDF,A4,1:1.41429,
C:\Users\sahit\OneDrive\Documents\mid1assignment.dwg,Model,11-04-2025 21:33:46,sahit,Microsoft Print to PDF,A4,1:1.41429,
C:\Users\sahit\OneDrive\Documents\mid1assignment.dwg,Model,11-04-2025 21:39:18,sahit,Microsoft Print to PDF,A4,1:1.41429,
C:\Users\sahit\OneDrive\Documents\mid1assignment.dwg,Model,11-04-2025 21:39:42,sahit,Microsoft Print to PDF,A4,1:1.4157,
C:\Users\sahit\OneDrive\Documents\mid1assignment.dwg,Model,11-04-2025 21:40:08,sahit,Microsoft Print to PDF,A4,1:1.41429,
C:\Users\sahit\OneDrive\Documents\mid1assignment.dwg,Model,11-04-2025 21:40:38,sahit,Microsoft Print to PDF,A4,1:1.41429,
C:\Users\sahit\OneDrive\Documents\mid1assignment.dwg,Model,11-04-2025 21:41:55,sahit,Microsoft Print to PDF,A4,1:1.41429,
C:\Users\sahit\OneDrive\Documents\mid1assignment.dwg,Model,11-04-2025 21:42:21,sahit,Microsoft Print to PDF,A4,1:1.41429,
C:\Users\sahit\OneDrive\Documents\mid1assignment.dwg,Model,11-04-2025 21:42:45,sahit,Microsoft Print to PDF,A4,1:1.41429,
C:\Users\sahit\OneDrive\Documents\mid1assignment.dwg,Model,11-04-2025 21:43:05,sahit,Microsoft Print to PDF,A4,1:1.41473,
C:\Users\sahit\OneDrive\Documents\mid1assignment.dwg,Model,11-04-2025 21:44:21,sahit,Microsoft Print to PDF,A4,1:1.41429,
C:\Users\sahit\OneDrive\Documents\mid1assignment.dwg,Model,11-04-2025 21:44:41,sahit,Microsoft Print to PDF,A4,1:1.41429,
C:\Users\sahit\OneDrive\Documents\mid1assignment.dwg,Model,11-04-2025 21:45:05,sahit,Microsoft Print to PDF,A4,1:1.41202,
C:\Users\sahit\OneDrive\Documents\mid1assignment.dwg,Model,11-04-2025 21:45:26,sahit,Microsoft Print to PDF,A4,1:1.41473,
C:\Users\sahit\OneDrive\Documents\sravya.dwg,Model,13-04-2025 06:49:24,sahit,Microsoft Print to PDF,A4,1:1.41429,
C:\Users\sahit\OneDrive\Documents\sravya.dwg,Model,13-04-2025 06:49:47,sahit,Microsoft Print to PDF,A4,1:1.41429,
C:\Users\sahit\OneDrive\Documents\sravya.dwg,Model,13-04-2025 06:50:08,sahit,Microsoft Print to PDF,A4,1:2.18026,
C:\Users\sahit\OneDrive\Documents\sravya.dwg,Model,13-04-2025 06:50:28,sahit,Microsoft Print to PDF,A4,1:2.24305,
C:\Users\sahit\OneDrive\Documents\sravya.dwg,Model,13-04-2025 06:50:51,sahit,Microsoft Print to PDF,A4,1:1.41429,
C:\Users\sahit\OneDrive\Documents\sravya.dwg,Model,13-04-2025 06:51:16,sahit,Microsoft Print to PDF,A4,1:1.94831,
C:\Users\sahit\OneDrive\Documents\sravya.dwg,Model,13-04-2025 06:51:41,sahit,Microsoft Print to PDF,A4,1:1.41429,
C:\Users\sahit\OneDrive\Documents\mid1assignment.dwg,Model,13-04-2025 06:53:32,sahit,Microsoft Print to PDF,A4,1:1.41429,
C:\Users\sahit\OneDrive\Documents\mid1assignment.dwg,Model,13-04-2025 06:53:55,sahit,Microsoft Print to PDF,A4,1:1.41429,
C:\Users\sahit\OneDrive\Documents\mid1assignment.dwg,Model,13-04-2025 06:54:16,sahit,Microsoft Print to PDF,A4,1:1.41429,
C:\Users\sahit\OneDrive\Documents\mid1assignment.dwg,Model,13-04-2025 06:54:37,sahit,Microsoft Print to PDF,A4,1:1.41429,
C:\Users\sahit\OneDrive\Documents\mid1assignment.dwg,Model,14-04-2025 16:36:07,sahit,Microsoft Print to PDF,A4,1:1.41429,
C:\Users\sahit\OneDrive\Documents\mid1assignment.dwg,Model,14-04-2025 16:36:27,sahit,Microsoft Print to PDF,A4,1:1.41429,
C:\Users\sahit\OneDrive\Documents\mid1assignment.dwg,Model,14-04-2025 16:36:56,sahit,Microsoft Print to PDF,A4,1:1.41429,
C:\Users\sahit\OneDrive\Documents\mid1assignment.dwg,Model,14-04-2025 16:37:20,sahit,Microsoft Print to PDF,A4,1:1.41414,
C:\Users\sahit\OneDrive\Documents\Drawing1.dwg,Model,02-06-2025 18:01:23,sahit,Microsoft Print to PDF,A4,1:1.41429,
C:\Users\sahit\OneDrive\Documents\Drawing1.dwg,Model,02-06-2025 18:02:33,sahit,Microsoft Print to PDF,A4,1:1.41429,
C:\Users\sahit\AppData\Local\Temp\da2bed6b-b3e2-4ea8-905c-bb78524be05a_TransferNow-20250603QzW2YK3e.zip.05a\planessheet.dwg,Model,03-06-2025 17:35:06,sahit,Microsoft Print to PDF,A4,1:1.41429,
C:\Users\sahit\AppData\Local\Temp\da2bed6b-b3e2-4ea8-905c-bb78524be05a_TransferNow-20250603QzW2YK3e.zip.05a\planessheet.dwg,Model,03-06-2025 17:35:31,sahit,Microsoft Print to PDF,A4,1:1.41429,
C:\Users\sahit\AppData\Local\Temp\da2bed6b-b3e2-4ea8-905c-bb78524be05a_TransferNow-20250603QzW2YK3e.zip.05a\planessheet.dwg,Model,03-06-2025 17:35:52,sahit,Microsoft Print to PDF,A4,1:1.41512,
C:\Users\sahit\AppData\Local\Temp\da2bed6b-b3e2-4ea8-905c-bb78524be05a_TransferNow-20250603QzW2YK3e.zip.05a\planessheet.dwg,Model,03-06-2025 17:36:14,sahit,Microsoft Print to PDF,A4,1:1.41173,
C:\Users\sahit\AppData\Local\Temp\da2bed6b-b3e2-4ea8-905c-bb78524be05a_TransferNow-20250603QzW2YK3e.zip.05a\planessheet.dwg,Model,03-06-2025 17:36:39,sahit,Microsoft Print to PDF,A4,1:1.41548,
C:\Users\sahit\AppData\Local\Temp\da2bed6b-b3e2-4ea8-905c-bb78524be05a_TransferNow-20250603QzW2YK3e.zip.05a\planessheet.dwg,Model,03-06-2025 17:43:01,sahit,Microsoft Print to PDF,A4,1:1.41429,
C:\Users\sahit\AppData\Local\Temp\da2bed6b-b3e2-4ea8-905c-bb78524be05a_TransferNow-20250603QzW2YK3e.zip.05a\planessheet.dwg,Model,03-06-2025 17:43:22,sahit,Microsoft Print to PDF,A4,1:1.41437,
C:\Users\sahit\AppData\Local\Temp\da2bed6b-b3e2-4ea8-905c-bb78524be05a_TransferNow-20250603QzW2YK3e.zip.05a\planessheet.dwg,Model,03-06-2025 17:43:41,sahit,Microsoft Print to PDF,A4,1:1.41429,
C:\Users\sahit\AppData\Local\Temp\da2bed6b-b3e2-4ea8-905c-bb78524be05a_TransferNow-20250603QzW2YK3e.zip.05a\planessheet.dwg,Model,03-06-2025 17:44:02,sahit,Microsoft Print to PDF,A4,1:1.41173,
C:\Users\sahit\AppData\Local\Temp\da2bed6b-b3e2-4ea8-905c-bb78524be05a_TransferNow-20250603QzW2YK3e.zip.05a\planessheet.dwg,Model,03-06-2025 17:44:36,sahit,Microsoft Print to PDF,A4,1:1.41548,
C:\Users\sahit\AppData\Local\Temp\938c714c-930a-4ba8-9d60-fe522100a57c_TransferNow-20250603QzW2YK3e.zip.57c\s111111.dwg,Model,03-06-2025 18:01:43,sahit,Microsoft Print to PDF,A4,1:1.41287,
C:\Users\sahit\AppData\Local\Temp\938c714c-930a-4ba8-9d60-fe522100a57c_TransferNow-20250603QzW2YK3e.zip.57c\s111111.dwg,Model,03-06-2025 18:02:08,sahit,Microsoft Print to PDF,A4,1:1.41414,
C:\Users\sahit\AppData\Local\Temp\938c714c-930a-4ba8-9d60-fe522100a57c_TransferNow-20250603QzW2YK3e.zip.57c\s111111.dwg,Model,03-06-2025 18:02:39,sahit,Microsoft Print to PDF,A4,1:1.4112,
C:\Users\sahit\AppData\Local\Temp\938c714c-930a-4ba8-9d60-fe522100a57c_TransferNow-20250603QzW2YK3e.zip.57c\s111111.dwg,Model,03-06-2025 18:03:03,sahit,Microsoft Print to PDF,A4,1:1.41414,
C:\Users\sahit\AppData\Local\Temp\938c714c-930a-4ba8-9d60-fe522100a57c_TransferNow-20250603QzW2YK3e.zip.57c\s111111.dwg,Model,03-06-2025 18:05:02,sahit,Microsoft Print to PDF,A4,1:1.41287,
C:\Users\sahit\AppData\Local\Temp\938c714c-930a-4ba8-9d60-fe522100a57c_TransferNow-20250603QzW2YK3e.zip.57c\s111111.dwg,Model,03-06-2025 18:05:37,sahit,Microsoft Print to PDF,A4,1:1.41414,
C:\Users\sahit\AppData\Local\Temp\938c714c-930a-4ba8-9d60-fe522100a57c_TransferNow-20250603QzW2YK3e.zip.57c\s111111.dwg,Model,03-06-2025 18:06:00,sahit,Microsoft Print to PDF,A4,1:1.4112,
C:\Users\sahit\AppData\Local\Temp\938c714c-930a-4ba8-9d60-fe522100a57c_TransferNow-20250603QzW2YK3e.zip.57c\s111111.dwg,Model,03-06-2025 18:06:26,sahit,Microsoft Print to PDF,A4,1:1.41414,
